Microchip MPLAB XC8 Compiler V2.35

Linker command line:

-W-3 --edf=/Applications/microchip/xc8/v2.35/pic/dat/en_msgs.txt -cn \
  -h+dist/default/production/PIC18F45K50_UART.X.production.sym \
  --cmf=dist/default/production/PIC18F45K50_UART.X.production.cmf -z \
  -Q18F45K50 -o/tmp/xcizNhGuE --defsym=__MPLAB_BUILD=1 \
  -Mdist/default/production/PIC18F45K50_UART.X.production.map \
  --md=/tmp/xceT27vBq.dat -E1 -ver=XC8 Compiler --acfsm=1493 \
  -ACODE=00h-07FFFh -ACONST=00h-07FFFh -ASMALLCONST=0800h-08FFhx120 \
  -AMEDIUMCONST=0800h-07FFFh -ACOMRAM=01h-05Fh -AABS1=00h-07FFh \
  -ABIGRAM=01h-07FFh -ARAM=060h-0FFh,0100h-01FFhx7 -ABANK0=060h-0FFh \
  -ABANK1=0100h-01FFh -ABANK2=0200h-02FFh -ABANK3=0300h-03FFh \
  -ABANK4=0400h-04FFh -ABANK5=0500h-05FFh -ABANK6=0600h-06FFh \
  -ABANK7=0700h-07FFh -ASFR=0F53h-0F5Fh,0F60h-0FFFh -ABIGSFR=0F53h-0FFFh \
  -ACONFIG=0300000h-030000Dh -AIDLOC=0200000h-0200007h \
  -AEEDATA=0F00000h-0F000FFh -peeprom_data=EEDATA \
  -preset_vec=00h,intcode=08h,intcodelo,powerup,init -pramtop=0800h \
  -psmallconst=SMALLCONST -pmediumconst=MEDIUMCONST -pconst=CONST \
  -AFARRAM=00h-00h \
  -prdata=COMRAM,nvrram=COMRAM,nvbit=COMRAM,rbss=COMRAM,rbit=COMRAM \
  -pfarbss=FARRAM,fardata=FARRAM,nvFARRAM=FARRAM \
  -pintsave_regs=BIGRAM,bigbss=BIGRAM,bigdata=BIGRAM -pbss=RAM \
  -pidata=CODE,irdata=CODE,ibigdata=CODE,ifardata=CODE -prparam=COMRAM \
  /tmp/xciFaTBKJ.o dist/default/production/PIC18F45K50_UART.X.production.o 

Object code version is 3.11

Machine type is 18F45K50



                Name                               Link     Load   Length Selector   Space Scale
/tmp/xciFaTBKJ.o
                idloc                            200000   200000        8        0       5
                config                           300000   300000        E        0       4
                init                                 A2       A2        4        4       0
                reset_vec                             0        0        4        0       0
dist/default/production/PIC18F45K50_UART.X.production.o
                intcode                               8        8       9A        4       0
                idloc                            200000   200000        8        0       5
                config                           300000   300000        E        0       4
                temp                                 5B       5B        1        1       1
                smallconst                          800      800       96      400       0
                text31                             16B2     16B2       2C      44B       0
                text30                             1782     1782        6      44B       0
                text29                             178A     178A        2      44B       0
                text28                             177C     177C        6      44B       0
                text27                             121E     121E       C2      44B       0
                text26                             15B8     15B8       42      44B       0
                text24                             176A     176A        A      44B       0
                text23                             1760     1760        A      44B       0
                text22                             1756     1756        A      44B       0
                text21                             174C     174C        A      44B       0
                text20                             1742     1742        A      44B       0
                text19                             13F6     13F6       76      44B       0
                text18                             1774     1774        8      44B       0
                text17                             1706     1706       20      44B       0
                text16                             163A     163A       3E      44B       0
                text15                             1726     1726       12      44B       0
                text14                             14CE     14CE       58      44B       0
                text13                             1738     1738        A      44B       0
                text12                             12E0     12E0       96      44B       0
                text11                             1086     1086       D6      44B       0
                text10                              D9A      D9A      188      44B       0
                text9                               F22      F22      164      44B       0
                text8                              15FA     15FA       40      44B       0
                text7                              1574     1574       44      44B       0
                text6                              1526     1526       4E      44B       0
                text5                              115C     115C       C2      44B       0
                text4                               896      896      2DE      44B       0
                text3                               B74      B74      226      44B       0
                text2                              146C     146C       62      44B       0
                text1                              16DE     16DE       28      44B       0
                text0                              1376     1376       80      44B       0
                cstackCOMRAM                          1        1       56        1       1
                cstackBANK0                          BD       BD       12       60       1
                dataBANK0                            CF       CF        2       60       1
                bssBANK0                             60       60       5D       60       1
                bssCOMRAM                            57       57        4        1       1
                cinit                              1678     1678       3A      44B       0
                idataBANK0                         1788     1788        2      44B       0

TOTAL           Name                               Link     Load   Length     Space
        CLASS   CODE           
                intcode                               8        8       9A         0
                init                                 A2       A2        4         0
                reset_vec                             0        0        4         0
                text31                             16B2     16B2       2C         0
                text30                             1782     1782        6         0
                text29                             178A     178A        2         0
                text28                             177C     177C        6         0
                text27                             121E     121E       C2         0
                text26                             15B8     15B8       42         0
                text24                             176A     176A        A         0
                text23                             1760     1760        A         0
                text22                             1756     1756        A         0
                text21                             174C     174C        A         0
                text20                             1742     1742        A         0
                text19                             13F6     13F6       76         0
                text18                             1774     1774        8         0
                text17                             1706     1706       20         0
                text16                             163A     163A       3E         0
                text15                             1726     1726       12         0
                text14                             14CE     14CE       58         0
                text13                             1738     1738        A         0
                text12                             12E0     12E0       96         0
                text11                             1086     1086       D6         0
                text10                              D9A      D9A      188         0
                text9                               F22      F22      164         0
                text8                              15FA     15FA       40         0
                text7                              1574     1574       44         0
                text6                              1526     1526       4E         0
                text5                              115C     115C       C2         0
                text4                               896      896      2DE         0
                text3                               B74      B74      226         0
                text2                              146C     146C       62         0
                text1                              16DE     16DE       28         0
                text0                              1376     1376       80         0
                cinit                              1678     1678       3A         0
                idataBANK0                         1788     1788        2         0

        CLASS   CONST          

        CLASS   SMALLCONST     
                smallconst                          800      800       96         0

        CLASS   MEDIUMCONST    

        CLASS   COMRAM         
                temp                                 5B       5B        1         1
                cstackCOMRAM                          1        1       56         1
                bssCOMRAM                            57       57        4         1

        CLASS   ABS1           

        CLASS   BIGRAM         

        CLASS   RAM            

        CLASS   BANK0          
                cstackBANK0                          BD       BD       12         1
                dataBANK0                            CF       CF        2         1
                bssBANK0                             60       60       5D         1

        CLASS   BANK1          

        CLASS   BANK2          

        CLASS   BANK3          

        CLASS   BANK4          

        CLASS   BANK5          

        CLASS   BANK6          

        CLASS   BANK7          

        CLASS   SFR            

        CLASS   BIGSFR         

        CLASS   CONFIG         
                config                           300000   300000        E         4

        CLASS   IDLOC          
                idloc                            200000   200000        8         5

        CLASS   EEDATA         

        CLASS   FARRAM         

        CLASS   HEAP           

        CLASS   STACK          



SEGMENTS        Name                           Load    Length   Top    Selector   Space  Class

                reset_vec                      000000  000004  000004         0       0  CODE    
                cstackCOMRAM                   000001  00005B  00005C         1       1  COMRAM  
                bssBANK0                       000060  000071  0000D1        60       1  BANK0   
                text4                          000896  000EF6  00178C       44B       0  CODE    
                intcode                        000008  00009E  0000A6         4       0  CODE    
                smallconst                     000800  000096  000896       400       0  SMALLCON


UNUSED ADDRESS RANGES

        Name                Unused          Largest block    Delta
        BANK0            0000D1-0000FF               2F
        BANK1            000100-0001FF              100
        BANK2            000200-0002FF              100
        BANK3            000300-0003FF              100
        BANK4            000400-0004FF              100
        BANK5            000500-0005FF              100
        BANK6            000600-0006FF              100
        BANK7            000700-0007FF              100
        BIGRAM           00005C-00005F                4
                         0000D1-0007FF              72F
        BIGSFR           000F53-000FFF               AD
        CODE             000004-000007                4
                         0000A6-0007FF              75A
                         00178C-007FFF             6874
        COMRAM           00005C-00005F                4
        CONST            000004-000007                4
                         0000A6-0007FF              75A
                         00178C-007FFF             6874
        EEDATA           F00000-F000FF              100
        MEDIUMCONST      00178C-007FFF             6874
        RAM              0000D1-0007FF              100
        SFR              000F53-000FFF                D
        SMALLCONST       00178C-007FFF              100

                                  Symbol Table

?___aodiv                                       cstackCOMRAM 000005
?___aomod                                       cstackCOMRAM 000005
?_abs                                           cstackCOMRAM 000017
?_ctoa                                          cstackCOMRAM 000010
?_dtoa                                          cstackCOMRAM 000022
?_pad                                           cstackCOMRAM 000017
?_printf                                        cstackBANK0  0000C5
?_strlen                                        cstackCOMRAM 000005
?_vfpfcnvrt                                     cstackCOMRAM 000046
?_vfprintf                                      cstackBANK0  0000BD
EUSART1_SetErrorHandler@interruptHandler        cstackCOMRAM 000005
EUSART1_SetFramingErrorHandler@interruptHandler cstackCOMRAM 000005
EUSART1_SetOverrunErrorHandler@interruptHandler cstackCOMRAM 000005
EUSART1_SetRxInterruptHandler@interruptHandler  cstackCOMRAM 000005
EUSART1_SetTxInterruptHandler@interruptHandler  cstackCOMRAM 000005
EUSART1_Write@txData                            cstackCOMRAM 000005
_ACTCON                                         (abs)        000FB5
_ANSELA                                         (abs)        000F5B
_ANSELB                                         (abs)        000F5C
_ANSELC                                         (abs)        000F5D
_ANSELD                                         (abs)        000F5E
_ANSELE                                         (abs)        000F5F
_BAUDCON1                                       (abs)        000FB8
_EUSART1_DefaultErrorHandler                    text30       001782
_EUSART1_DefaultFramingErrorHandler             text29       00178A
_EUSART1_DefaultOverrunErrorHandler             text28       00177C
_EUSART1_ErrorHandler                           bssBANK0     00007E
_EUSART1_FramingErrorHandler                    bssBANK0     000082
_EUSART1_Initialize                             text19       0013F6
_EUSART1_OverrunErrorHandler                    bssBANK0     000080
_EUSART1_Read                                   (abs)        000000
_EUSART1_Receive_ISR                            text27       00121E
_EUSART1_RxDataHandler                          text31       0016B2
_EUSART1_RxDefaultInterruptHandler              bssBANK0     000084
_EUSART1_SetErrorHandler                        text24       00176A
_EUSART1_SetFramingErrorHandler                 text23       001760
_EUSART1_SetOverrunErrorHandler                 text22       001756
_EUSART1_SetRxInterruptHandler                  text21       00174C
_EUSART1_SetTxInterruptHandler                  text20       001742
_EUSART1_Transmit_ISR                           text26       0015B8
_EUSART1_TxDefaultInterruptHandler              bssBANK0     000086
_EUSART1_Write                                  text14       0014CE
_EUSART1_is_rx_ready                            (abs)        000000
_EUSART1_is_tx_done                             (abs)        000000
_EUSART1_is_tx_ready                            (abs)        000000
_INTCON2bits                                    (abs)        000FF1
_INTCONbits                                     (abs)        000FF2
_INTERRUPT_Initialize                           text18       001774
_INTERRUPT_InterruptManagerHigh                 intcode      000008
_IPR1bits                                       (abs)        000F9F
_LATA                                           (abs)        000F89
_LATB                                           (abs)        000F8A
_LATC                                           (abs)        000F8B
_LATD                                           (abs)        000F8C
_LATDbits                                       (abs)        000F8C
_LATE                                           (abs)        000F8D
_OSCCON                                         (abs)        000FD3
_OSCCON2                                        (abs)        000FD2
_OSCILLATOR_Initialize                          text17       001706
_OSCTUNE                                        (abs)        000F9B
_PIE1bits                                       (abs)        000F9D
_PIN_MANAGER_Initialize                         text16       00163A
_PIR1bits                                       (abs)        000F9E
_PLLRDY                                         (abs)        007E97
_RCONbits                                       (abs)        000FD0
_RCREG1                                         (abs)        000FAE
_RCSTA1                                         (abs)        000FAB
_RCSTA1bits                                     (abs)        000FAB
_SPBRG1                                         (abs)        000FAF
_SPBRGH1                                        (abs)        000FB0
_SYSTEM_Initialize                              text15       001726
_TRISA                                          (abs)        000F92
_TRISB                                          (abs)        000F93
_TRISC                                          (abs)        000F94
_TRISD                                          (abs)        000F95
_TRISE                                          (abs)        000F96
_TXREG1                                         (abs)        000FAD
_TXSTA1                                         (abs)        000FAC
_TXSTA1bits                                     (abs)        000FAC
_WPUB                                           (abs)        000F85
__HRAM                                          (abs)        000000
__Habs1                                         abs1         000000
__Hbank0                                        bank0        000000
__Hbank1                                        bank1        000000
__Hbank2                                        bank2        000000
__Hbank3                                        bank3        000000
__Hbank4                                        bank4        000000
__Hbank5                                        bank5        000000
__Hbank6                                        bank6        000000
__Hbank7                                        bank7        000000
__Hbigbss                                       bigbss       000000
__Hbigdata                                      bigdata      000000
__Hbigram                                       bigram       000000
__Hbigsfr                                       bigsfr       000000
__Hbss                                          bss          000000
__HbssBANK0                                     bssBANK0     000000
__HbssCOMRAM                                    bssCOMRAM    000000
__Hcinit                                        cinit        000000
__Hclrtext                                      clrtext      000000
__Hcomram                                       comram       000000
__Hconfig                                       config       30000E
__Hconst                                        const        000000
__HcstackBANK0                                  cstackBANK0  000000
__HcstackCOMRAM                                 cstackCOMRAM 000000
__Hdata                                         data         000000
__HdataBANK0                                    dataBANK0    000000
__Heeprom_data                                  eeprom_data  000000
__Hfarbss                                       farbss       000000
__Hfardata                                      fardata      000000
__Hheap                                         heap         000000
__Hibigdata                                     ibigdata     000000
__Hidata                                        idata        000000
__HidataBANK0                                   idataBANK0   000000
__Hidloc                                        idloc        200008
__Hifardata                                     ifardata     000000
__Hinit                                         init         0000A6
__Hintcode                                      intcode      0000A2
__Hintcode_body                                 intcode_body 000000
__Hintcodelo                                    intcodelo    0000A2
__Hintentry                                     intentry     000000
__Hintret                                       intret       000000
__Hintsave_regs                                 intsave_regs 000000
__Hirdata                                       irdata       000000
__Hmediumconst                                  mediumconst  000000
__HnvFARRAM                                     nvFARRAM     000000
__Hnvbit                                        nvbit        000000
__Hnvrram                                       nvrram       000000
__Hparam                                        rparam       000000
__Hpowerup                                      powerup      0000A2
__Hram                                          ram          000000
__Hramtop                                       ramtop       000800
__Hrbit                                         rbit         000000
__Hrbss                                         rbss         000000
__Hrdata                                        rdata        000000
__Hreset_vec                                    reset_vec    000004
__Hrparam                                       rparam       000000
__Hsfr                                          sfr          000000
__Hsmallconst                                   smallconst   000896
__Hspace_0                                      (abs)        00178C
__Hspace_1                                      (abs)        0000D1
__Hspace_2                                      (abs)        000000
__Hspace_4                                      (abs)        60000E
__Hstack                                        stack        000000
__Hstruct                                       struct       000000
__Htemp                                         temp         00005C
__Htext                                         text         000000
__Htext0                                        text0        000000
__Htext1                                        text1        000000
__Htext10                                       text10       000000
__Htext11                                       text11       000000
__Htext12                                       text12       000000
__Htext13                                       text13       000000
__Htext14                                       text14       000000
__Htext15                                       text15       000000
__Htext16                                       text16       000000
__Htext17                                       text17       000000
__Htext18                                       text18       000000
__Htext19                                       text19       000000
__Htext2                                        text2        000000
__Htext20                                       text20       000000
__Htext21                                       text21       000000
__Htext22                                       text22       000000
__Htext23                                       text23       000000
__Htext24                                       text24       000000
__Htext26                                       text26       000000
__Htext27                                       text27       000000
__Htext28                                       text28       000000
__Htext29                                       text29       000000
__Htext3                                        text3        000000
__Htext30                                       text30       000000
__Htext31                                       text31       000000
__Htext32                                       text32       000000
__Htext4                                        text4        000000
__Htext5                                        text5        000000
__Htext6                                        text6        000000
__Htext7                                        text7        000000
__Htext8                                        text8        000000
__Htext9                                        text9        000000
__LRAM                                          (abs)        000001
__Labs1                                         abs1         000000
__Lbank0                                        bank0        000000
__Lbank1                                        bank1        000000
__Lbank2                                        bank2        000000
__Lbank3                                        bank3        000000
__Lbank4                                        bank4        000000
__Lbank5                                        bank5        000000
__Lbank6                                        bank6        000000
__Lbank7                                        bank7        000000
__Lbigbss                                       bigbss       000000
__Lbigdata                                      bigdata      000000
__Lbigram                                       bigram       000000
__Lbigsfr                                       bigsfr       000000
__Lbss                                          bss          000000
__LbssBANK0                                     bssBANK0     000000
__LbssCOMRAM                                    bssCOMRAM    000000
__Lcinit                                        cinit        000000
__Lclrtext                                      clrtext      000000
__Lcomram                                       comram       000000
__Lconfig                                       config       000000
__Lconst                                        const        000000
__LcstackBANK0                                  cstackBANK0  000000
__LcstackCOMRAM                                 cstackCOMRAM 000000
__Ldata                                         data         000000
__LdataBANK0                                    dataBANK0    000000
__Leeprom_data                                  eeprom_data  000000
__Lfarbss                                       farbss       000000
__Lfardata                                      fardata      000000
__Lheap                                         heap         000000
__Libigdata                                     ibigdata     000000
__Lidata                                        idata        000000
__LidataBANK0                                   idataBANK0   000000
__Lidloc                                        idloc        000000
__Lifardata                                     ifardata     000000
__Linit                                         init         0000A2
__Lintcode                                      intcode      000008
__Lintcode_body                                 intcode_body 000000
__Lintcodelo                                    intcodelo    0000A2
__Lintentry                                     intentry     000000
__Lintret                                       intret       000000
__Lintsave_regs                                 intsave_regs 000000
__Lirdata                                       irdata       000000
__Lmediumconst                                  mediumconst  000000
__LnvFARRAM                                     nvFARRAM     000000
__Lnvbit                                        nvbit        000000
__Lnvrram                                       nvrram       000000
__Lparam                                        rparam       000000
__Lpowerup                                      powerup      0000A2
__Lram                                          ram          000000
__Lramtop                                       ramtop       000800
__Lrbit                                         rbit         000000
__Lrbss                                         rbss         000000
__Lrdata                                        rdata        000000
__Lreset_vec                                    reset_vec    000000
__Lrparam                                       rparam       000000
__Lsfr                                          sfr          000000
__Lsmallconst                                   smallconst   000800
__Lspace_0                                      (abs)        000000
__Lspace_1                                      (abs)        000000
__Lspace_2                                      (abs)        000000
__Lspace_4                                      (abs)        000000
__Lstack                                        stack        000000
__Lstruct                                       struct       000000
__Ltemp                                         temp         00005B
__Ltext                                         text         000000
__Ltext0                                        text0        000000
__Ltext1                                        text1        000000
__Ltext10                                       text10       000000
__Ltext11                                       text11       000000
__Ltext12                                       text12       000000
__Ltext13                                       text13       000000
__Ltext14                                       text14       000000
__Ltext15                                       text15       000000
__Ltext16                                       text16       000000
__Ltext17                                       text17       000000
__Ltext18                                       text18       000000
__Ltext19                                       text19       000000
__Ltext2                                        text2        000000
__Ltext20                                       text20       000000
__Ltext21                                       text21       000000
__Ltext22                                       text22       000000
__Ltext23                                       text23       000000
__Ltext24                                       text24       000000
__Ltext26                                       text26       000000
__Ltext27                                       text27       000000
__Ltext28                                       text28       000000
__Ltext29                                       text29       000000
__Ltext3                                        text3        000000
__Ltext30                                       text30       000000
__Ltext31                                       text31       000000
__Ltext32                                       text32       000000
__Ltext4                                        text4        000000
__Ltext5                                        text5        000000
__Ltext6                                        text6        000000
__Ltext7                                        text7        000000
__Ltext8                                        text8        000000
__Ltext9                                        text9        000000
__S0                                            (abs)        00178C
__S1                                            (abs)        0000D1
__S4                                            (abs)        000000
__S5                                            (abs)        000000
___aodiv                                        text10       000D9A
___aodiv@counter                                cstackCOMRAM 000015
___aodiv@dividend                               cstackCOMRAM 000005
___aodiv@divisor                                cstackCOMRAM 00000D
___aodiv@quotient                               cstackCOMRAM 000017
___aodiv@sign                                   cstackCOMRAM 000016
___aomod                                        text9        000F22
___aomod@counter                                cstackCOMRAM 000015
___aomod@dividend                               cstackCOMRAM 000005
___aomod@divisor                                cstackCOMRAM 00000D
___aomod@sign                                   cstackCOMRAM 000016
___heap_hi                                      (abs)        000000
___heap_lo                                      (abs)        000000
___inthi_sp                                     stack        000000
___intlo_sp                                     stack        000000
___param_bank                                   (abs)        000000
___rparam_used                                  (abs)        000001
___sp                                           stack        000000
__accesstop                                     (abs)        000060
__activetblptr                                  (abs)        000002
__end_of_EUSART1_DefaultErrorHandler            text30       001788
__end_of_EUSART1_DefaultFramingErrorHandler     text29       00178C
__end_of_EUSART1_DefaultOverrunErrorHandler     text28       001782
__end_of_EUSART1_Initialize                     text19       00146C
__end_of_EUSART1_Receive_ISR                    text27       0012E0
__end_of_EUSART1_RxDataHandler                  text31       0016DE
__end_of_EUSART1_SetErrorHandler                text24       001774
__end_of_EUSART1_SetFramingErrorHandler         text23       00176A
__end_of_EUSART1_SetOverrunErrorHandler         text22       001760
__end_of_EUSART1_SetRxInterruptHandler          text21       001756
__end_of_EUSART1_SetTxInterruptHandler          text20       00174C
__end_of_EUSART1_Transmit_ISR                   text26       0015FA
__end_of_EUSART1_Write                          text14       001526
__end_of_INTERRUPT_Initialize                   text18       00177C
__end_of_INTERRUPT_InterruptManagerHigh         intcode      0000A2
__end_of_OSCILLATOR_Initialize                  text17       001726
__end_of_PIN_MANAGER_Initialize                 text16       001678
__end_of_SYSTEM_Initialize                      text15       001738
__end_of___aodiv                                text10       000F22
__end_of___aomod                                text9        001086
__end_of__initialization                        cinit        0016A4
__end_of_abs                                    text8        00163A
__end_of_ctoa                                   text11       00115C
__end_of_dtoa                                   text4        000B74
__end_of_fputc                                  text12       001376
__end_of_fputs                                  text7        0015B8
__end_of_main                                   text0        0013F6
__end_of_pad                                    text5        00121E
__end_of_printf                                 text1        001706
__end_of_putch                                  text13       001742
__end_of_strlen                                 text6        001574
__end_of_uart                                   smallconst   000815
__end_of_vfpfcnvrt                              text3        000D9A
__end_of_vfprintf                               text2        0014CE
__initialization                                cinit        001678
__mediumconst                                   mediumconst  000000
__pbssBANK0                                     bssBANK0     000060
__pbssCOMRAM                                    bssCOMRAM    000057
__pcinit                                        cinit        001678
__pcstackBANK0                                  cstackBANK0  0000BD
__pcstackCOMRAM                                 cstackCOMRAM 000001
__pdataBANK0                                    dataBANK0    0000CF
__pidataBANK0                                   idataBANK0   001788
__pintcode                                      intcode      000008
__psmallconst                                   smallconst   000800
__ptext0                                        text0        001376
__ptext1                                        text1        0016DE
__ptext10                                       text10       000D9A
__ptext11                                       text11       001086
__ptext12                                       text12       0012E0
__ptext13                                       text13       001738
__ptext14                                       text14       0014CE
__ptext15                                       text15       001726
__ptext16                                       text16       00163A
__ptext17                                       text17       001706
__ptext18                                       text18       001774
__ptext19                                       text19       0013F6
__ptext2                                        text2        00146C
__ptext20                                       text20       001742
__ptext21                                       text21       00174C
__ptext22                                       text22       001756
__ptext23                                       text23       001760
__ptext24                                       text24       00176A
__ptext26                                       text26       0015B8
__ptext27                                       text27       00121E
__ptext28                                       text28       00177C
__ptext29                                       text29       00178A
__ptext3                                        text3        000B74
__ptext30                                       text30       001782
__ptext31                                       text31       0016B2
__ptext32                                       text32       000000
__ptext4                                        text4        000896
__ptext5                                        text5        00115C
__ptext6                                        text6        001526
__ptext7                                        text7        001574
__ptext8                                        text8        0015FA
__ptext9                                        text9        000F22
__ramtop                                        ramtop       000800
__smallconst                                    smallconst   000800
_abs                                            text8        0015FA
_ctoa                                           text11       001086
_dbuf                                           bssBANK0     00008D
_dtoa                                           text4        000896
_dtoa$1472                                      cstackCOMRAM 000034
_eusart1RxBuffer                                bssBANK0     000068
_eusart1RxCount                                 bssBANK0     000089
_eusart1RxHead                                  bssCOMRAM    00005A
_eusart1RxLastError                             bssBANK0     000088
_eusart1RxStatusBuffer                          bssBANK0     000060
_eusart1RxTail                                  bssCOMRAM    000059
_eusart1TxBuffer                                bssBANK0     000070
_eusart1TxBufferRemaining                       bssBANK0     00008A
_eusart1TxHead                                  bssBANK0     00008C
_eusart1TxTail                                  bssBANK0     00008B
_flags                                          bssCOMRAM    000057
_fputc                                          text12       0012E0
_fputs                                          text7        001574
_main                                           text0        001376
_nout                                           bssBANK0     000078
_pad                                            text5        00115C
_prec                                           bssBANK0     00007C
_printf                                         text1        0016DE
_putch                                          text13       001738
_rx                                             bssBANK0     0000AD
_string                                         dataBANK0    0000CF
_strlen                                         text6        001526
_uart                                           smallconst   000801
_vfpfcnvrt                                      text3        000B74
_vfprintf                                       text2        00146C
_width                                          bssBANK0     00007A
abs@a                                           cstackCOMRAM 000017
btemp                                           temp         00005B
ctoa@c                                          cstackCOMRAM 000012
ctoa@fp                                         cstackCOMRAM 000010
ctoa@l                                          cstackCOMRAM 000014
ctoa@w                                          cstackCOMRAM 000016
dtoa@d                                          cstackCOMRAM 000024
dtoa@fp                                         cstackCOMRAM 000022
dtoa@i                                          cstackCOMRAM 000044
dtoa@n                                          cstackCOMRAM 00003C
dtoa@p                                          cstackCOMRAM 000036
dtoa@s                                          cstackCOMRAM 00003A
dtoa@w                                          cstackCOMRAM 000038
end_of_initialization                           cinit        0016A4
fputc@c                                         cstackCOMRAM 000007
fputc@fp                                        cstackCOMRAM 000009
fputs@c                                         cstackCOMRAM 000014
fputs@fp                                        cstackCOMRAM 000012
fputs@i                                         cstackCOMRAM 000015
fputs@s                                         cstackCOMRAM 000010
int$flags                                       temp         00005B
intlevel0                                       text         000000
intlevel1                                       text         000000
intlevel2                                       text         000000
intlevel3                                       text         000000
isa$std                                         (abs)        000001
isa$xinst                                       (abs)        000000
main@counter                                    cstackBANK0  0000CD
pad@buf                                         cstackCOMRAM 000019
pad@fp                                          cstackCOMRAM 000017
pad@i                                           cstackCOMRAM 00001E
pad@p                                           cstackCOMRAM 00001B
pad@w                                           cstackCOMRAM 000020
printf@ap                                       cstackBANK0  0000C9
printf@fmt                                      cstackBANK0  0000C5
putch@txData                                    cstackCOMRAM 000006
stackhi                                         (abs)        000000
stacklo                                         (abs)        000000
start                                           init         0000A2
start_initialization                            cinit        001678
strlen@a                                        cstackCOMRAM 000007
strlen@s                                        cstackCOMRAM 000005
ttemp5                                          temp         00005C
ttemp6                                          temp         00005F
ttemp7                                          temp         000063
vfpfcnvrt@ap                                    cstackCOMRAM 00004A
vfpfcnvrt@c                                     cstackCOMRAM 000056
vfpfcnvrt@fmt                                   cstackCOMRAM 000048
vfpfcnvrt@fp                                    cstackCOMRAM 000046
vfpfcnvrt@ll                                    cstackCOMRAM 00004E
vfprintf@ap                                     cstackBANK0  0000C1
vfprintf@cfmt                                   cstackBANK0  0000C3
vfprintf@fmt                                    cstackBANK0  0000BF
vfprintf@fp                                     cstackBANK0  0000BD
wtemp8                                          temp         00005C


MODULE INFORMATION

Module		Function		Class		Link	Load	Size
/Applications/microchip/xc8/v2.35/pic/sources/c99/common/aodiv.c
		___aodiv       		CODE           	0D9A	0000	392

/Applications/microchip/xc8/v2.35/pic/sources/c99/common/aodiv.c estimated size: 392

/Applications/microchip/xc8/v2.35/pic/sources/c99/common/nf_fputs.c
		_fputs         		CODE           	1574	0000	68

/Applications/microchip/xc8/v2.35/pic/sources/c99/common/nf_fputs.c estimated size: 68

/Applications/microchip/xc8/v2.35/pic/sources/c99/common/abs.c
		_abs           		CODE           	15FA	0000	64

/Applications/microchip/xc8/v2.35/pic/sources/c99/common/abs.c estimated size: 64

/Applications/microchip/xc8/v2.35/pic/sources/c99/common/doprnt.c
		_vfpfcnvrt     		CODE           	0B74	0000	550
		_pad           		CODE           	115C	0000	194
		_ctoa          		CODE           	1086	0000	214
		_dtoa          		CODE           	0896	0000	734
		_vfprintf      		CODE           	146C	0000	98

/Applications/microchip/xc8/v2.35/pic/sources/c99/common/doprnt.c estimated size: 1790

mcc_generated_files/interrupt_manager.c
		_INTERRUPT_Initialize		CODE           	1774	0000	8
		_INTERRUPT_InterruptManagerHigh		CODE           	0008	0000	154

mcc_generated_files/interrupt_manager.c estimated size: 162

mcc_generated_files/pin_manager.c
		_PIN_MANAGER_Initialize		CODE           	163A	0000	62

mcc_generated_files/pin_manager.c estimated size: 62

/Applications/microchip/xc8/v2.35/pic/sources/c99/common/nf_fputc.c
		_fputc         		CODE           	12E0	0000	150

/Applications/microchip/xc8/v2.35/pic/sources/c99/common/nf_fputc.c estimated size: 150

shared
		_uart          		SMALLCONST     	0801	0000	20
		__initialization		CODE           	1678	0000	44

shared estimated size: 64

mcc_generated_files/eusart1.c
		_EUSART1_SetRxInterruptHandler		CODE           	174C	0000	10
		_EUSART1_SetTxInterruptHandler		CODE           	1742	0000	10
		_EUSART1_Initialize		CODE           	13F6	0000	118
		_putch         		CODE           	1738	0000	10
		_EUSART1_DefaultErrorHandler		CODE           	1782	0000	6
		_EUSART1_SetFramingErrorHandler		CODE           	1760	0000	10
		_EUSART1_SetOverrunErrorHandler		CODE           	1756	0000	10
		_EUSART1_SetErrorHandler		CODE           	176A	0000	10
		_EUSART1_Write 		CODE           	14CE	0000	88
		_EUSART1_Receive_ISR		CODE           	121E	0000	194
		_EUSART1_RxDataHandler		CODE           	16B2	0000	44
		_EUSART1_DefaultOverrunErrorHandler		CODE           	177C	0000	6
		_EUSART1_Transmit_ISR		CODE           	15B8	0000	66
		_EUSART1_DefaultFramingErrorHandler		CODE           	178A	0000	2

mcc_generated_files/eusart1.c estimated size: 584

/Applications/microchip/xc8/v2.35/pic/sources/c99/common/printf.c
		_printf        		CODE           	16DE	0000	40

/Applications/microchip/xc8/v2.35/pic/sources/c99/common/printf.c estimated size: 40

mcc_generated_files/mcc.c
		_OSCILLATOR_Initialize		CODE           	1706	0000	32
		_SYSTEM_Initialize		CODE           	1726	0000	18

mcc_generated_files/mcc.c estimated size: 50

/Applications/microchip/xc8/v2.35/pic/sources/c99/common/aomod.c
		___aomod       		CODE           	0F22	0000	356

/Applications/microchip/xc8/v2.35/pic/sources/c99/common/aomod.c estimated size: 356

/Applications/microchip/xc8/v2.35/pic/sources/c99/common/strlen.c
		_strlen        		CODE           	1526	0000	78

/Applications/microchip/xc8/v2.35/pic/sources/c99/common/strlen.c estimated size: 78

main.c
		_main          		CODE           	1376	0000	128

main.c estimated size: 128

